
 pwd
/home/runner/Test3Session2
 ./a.out
Enter the numerator and denominator
1   2
Enter the numerator and denominator
1   4
the sum of two fractions 1/2 and 1/4 is 3/4
 ./a.out
Enter the numerator and denominator
1   4   1   6
Enter the numerator and denominator
the sum of two fractions 1/4 and 1/6 is 5/12
 gdb a.out
GNU gdb (Ubuntu 8.1.1-0ubuntu1) 8.1.1
Copyright (C) 2018 Free Software Foundation, Inc.
License GPLv3+: GNU GPL version 3 or later <http://gnu.org/licenses/gpl.html>
This is free software: you are free to change and redistribute it.
There is NO WARRANTY, to the extent permitted by law.  Type "show copying"
and "show warranty" for details.
This GDB was configured as "x86_64-linux-gnu".
Type "show configuration" for configuration details.
For bug reporting instructions, please see:
<http://www.gnu.org/software/gdb/bugs/>.
Find the GDB manual and other documentation resources online at:
<http://www.gnu.org/software/gdb/documentation/>.
For help, type "help".
Type "apropos word" to search for commands related to "word"...
Reading symbols from a.out...done.
(gdb) b main
Breakpoint 1 at 0x8a7: file p7final.c, line 44.
(gdb) r
Starting program: /home/runner/Test3Session2/a.out 
warning: Error disabling address space randomization: Operation not permitted

Breakpoint 1, main () at p7final.c:44
44    a=input_fraction();
(gdb) s
input_fraction () at p7final.c:20
20  {
(gdb) n
22    printf("Enter the numerator and denominator\n");
(gdb) n
Enter the numerator and denominator
23    scanf("%d%d",&k.num,&k.den);
(gdb) n
1   4
24    return k;
(gdb) n
25  }
(gdb) n
main () at p7final.c:45
45    b=input_fraction();
(gdb) n
Enter the numerator and denominator
1   6
46    c=add_fraction(a,b);
(gdb) s
add_fraction (a=..., b=...) at p7final.c:29
29    sum.num=a.num*b.den + b.num*a.den;
(gdb) n
30    sum.den= a.den*b.den;
(gdb) n
31    int g=gcd(sum.num,sum.den);
(gdb) n
32    sum.num=sum.num/g;
(gdb) n
33    sum.den= sum.den/g;
(gdb) n
34    return sum;
(gdb) n
35  }
(gdb) n
main () at p7final.c:47
47    output(a,b,c);
(gdb) s
output (a=..., b=..., sum=...) at p7final.c:38
38    printf ("the sum of two fractions %d/%d and %d/%d is %d/%d\n",a.num,a.den,b.num,b.den,sum.num,sum.den);
(gdb) n
the sum of two fractions 1/4 and 1/6 is 5/12
39  }
(gdb) n
main () at p7final.c:48
48    return 0;
(gdb) n
49    }
(gdb) Quit